// Jest Snapshot v1, https://goo.gl/fbAQLP

exports[`should render Header 1`] = `
<div>
  <Connect(ExpenseListTextFilter) />
  <Connect(ExpenseList) />
</div>
`;
