// Jest Snapshot v1, https://goo.gl/fbAQLP

exports[`should render expense list 1`] = `
<div>
  <Link
    to="/editexpanse/1"
  >
    <h3>
      gum
    </h3>
  </Link>
  <p>
    195
     ----
    0
  </p>
</div>
`;
