// Jest Snapshot v1, https://goo.gl/fbAQLP

exports[`should render Header 1`] = `
<div>
  <h1>
    404!!!
  </h1>
  <Link
    to="/"
  >
    go Home
  </Link>
</div>
`;
